thehive_server_utilities\thehive_itemandgears\textures\characters\backpacks\data\thehive_boulder_m53_concordia_co.png
thehive_server_utilities\thehive_itemandgears\textures\characters\backpacks\data\thehive_boulder_m53_delta_co.png
thehive_server_utilities\thehive_itemandgears\textures\characters\backpacks\data\thehive_boulder_m53_g4_co.png
thehive_server_utilities\thehive_itemandgears\textures\characters\backpacks\data\thehive_childs_ape_co.png
thehive_server_utilities\thehive_itemandgears\textures\characters\backpacks\data\thehive_childs_aquila_co.png
thehive_server_utilities\thehive_itemandgears\textures\characters\backpacks\data\thehive_childs_leone_co.png
thehive_server_utilities\thehive_itemandgears\textures\characters\backpacks\data\thehive_childs_pene_co.png
thehive_server_utilities\thehive_itemandgears\textures\characters\backpacks\data\thehive_drybag_concordia_co.png
thehive_server_utilities\thehive_itemandgears\textures\characters\backpacks\data\thehive_drybag_delta_co.png
thehive_server_utilities\thehive_itemandgears\textures\characters\backpacks\data\thehive_duffelbagsmall_black_ca.png
thehive_server_utilities\thehive_itemandgears\textures\characters\backpacks\data\thehive_duffelbagsmall_green_ca.png
thehive_server_utilities\thehive_itemandgears\textures\characters\backpacks\data\thehive_duffelbagsmall_notacola_ca.png
thehive_server_utilities\thehive_itemandgears\textures\characters\backpacks\data\thehive_duffelbagsmall_pipsi_ca.png
thehive_server_utilities\thehive_itemandgears\textures\characters\backpacks\data\thehive_duffelbagsmall_yellow_ca.png
thehive_server_utilities\thehive_itemandgears\textures\characters\backpacks\data\thehive_hunting_black_co.png
thehive_server_utilities\thehive_itemandgears\textures\characters\backpacks\data\thehive_hunting_blu_co.png
thehive_server_utilities\thehive_itemandgears\textures\characters\backpacks\data\thehive_hunting_g1_co.png
thehive_server_utilities\thehive_itemandgears\textures\characters\backpacks\data\thehive_hunting_green_co.png
thehive_server_utilities\thehive_itemandgears\textures\characters\backpacks\data\thehive_hunting_grey_co.png
thehive_server_utilities\thehive_itemandgears\textures\characters\backpacks\data\thehive_hunting_red_co.png
thehive_server_utilities\thehive_itemandgears\textures\characters\backpacks\data\thehive_taloon_black_co.png
thehive_server_utilities\thehive_itemandgears\textures\characters\backpacks\data\thehive_taloon_blue_co.png
thehive_server_utilities\thehive_itemandgears\textures\characters\backpacks\data\thehive_taloon_concordia_co.png
thehive_server_utilities\thehive_itemandgears\textures\characters\backpacks\data\thehive_taloon_green_co.png
thehive_server_utilities\thehive_itemandgears\textures\characters\backpacks\data\thehive_taloon_grey_co.png
thehive_server_utilities\thehive_itemandgears\textures\characters\backpacks\data\thehive_taloon_red_co.png
thehive_server_utilities\thehive_itemandgears\textures\characters\backpacks\data\thehive_taloon_yellow_co.png
thehive_server_utilities\thehive_itemandgears\textures\characters\headgear\data\thehive_bandana_blue_co.png
thehive_server_utilities\thehive_itemandgears\textures\characters\headgear\data\thehive_bandana_green_co.png
thehive_server_utilities\thehive_itemandgears\textures\characters\headgear\data\thehive_bandana_red_co.png
thehive_server_utilities\thehive_itemandgears\textures\characters\headgear\data\thehive_bandana_yellow_co.png
thehive_server_utilities\thehive_itemandgears\textures\characters\pants\data\thehive_paramedic_pants_concordia_co.png
thehive_server_utilities\thehive_itemandgears\textures\characters\tops\data\thehive_paramedic_jacket_concordia_co.png
thehive_server_utilities\thehive_itemandgears\textures\characters\tops\data\thehive_paramedic_jacket_g_concordia_co.png
thehive_server_utilities\thehive_itemandgears\textures\characters\tops\data\thehive_tshirt_delta_co.png
thehive_server_utilities\thehive_itemandgears\textures\characters\tops\data\thehive_tshirt_ground_delta_co.png
thehive_server_utilities\thehive_itemandgears\textures\characters\vests\data\thehive_ballisticvest_blue_co.png
thehive_server_utilities\thehive_itemandgears\textures\characters\vests\data\thehive_ballisticvest_delta_co.png
thehive_server_utilities\thehive_itemandgears\textures\characters\vests\data\thehive_ballisticvest_red_co.png
thehive_server_utilities\thehive_itemandgears\textures\characters\vests\data\thehive_pressvest_black_co.png
thehive_server_utilities\thehive_itemandgears\textures\characters\vests\data\thehive_pressvest_blue_co.png
thehive_server_utilities\thehive_itemandgears\textures\characters\vests\data\thehive_pressvest_green_co.png
thehive_server_utilities\thehive_itemandgears\textures\characters\vests\data\thehive_pressvest_grey_co.png
thehive_server_utilities\thehive_itemandgears\textures\characters\vests\data\thehive_pressvest_red_co.png
thehive_server_utilities\thehive_itemandgears\textures\characters\vests\data\thehive_smersh_black_co.png
thehive_server_utilities\thehive_itemandgears\textures\characters\vests\data\thehive_smersh_concordia_co.png
thehive_server_utilities\thehive_itemandgears\textures\characters\vests\data\thehive_smersh_g_black_co.png
thehive_server_utilities\thehive_itemandgears\textures\characters\vests\data\thehive_smersh_g_concordia_co.png
